---
source: src/porc_app.rs
expression: render_ui(app)
---
     pid   cpu       ram ┃ executable   
━━━━━━━━━━━━━━━━━━━━━━━━━╋━━━━━━━━━━━━━━
       1    9%       0MB ┃ one          
       2    5%       0MB ┃ └─┬ two      
       3    2%       0MB ┃   └── three  
       4    1%       0MB ┃ four         
       5    0%       0MB ┃ └── five     
                                        
                                        
                                        
                                        
                                        
                                        
                                        
                                        
                                        
                                        
                                        
                                        
Ctrl+C: Quit | ↑↓ : scroll | ENTER: sele
